[
  {
    "firstName": "Jihad",
    "lastName": "Saladin",
    "address": {
      "street": "12 Beaver Court",
      "city": "Snowmass",
      "state": "CO",
      "zip": 81615
    }
  },
  {
    "firstName": "Marcus",
    "lastName": "Rivapoli",
    "address": {
      "street": "16 Vail Rd",
      "city": "Vail",
      "state": "CO",
      "zip": 81657
    }
  }
]